// Jest Snapshot v1, https://goo.gl/fbAQLP

exports[`<WorkerSelectInput /> Should render and match the snapshot 1`] = `
<form>
  <div
    class="MuiGrid-root MuiGrid-item MuiGrid-grid-xs-12 MuiGrid-grid-sm-6 css-13i4rnv-MuiGrid-root"
  >
    <label
      class="MuiFormControlLabel-root MuiFormControlLabel-labelPlacementStart css-n1m4an-MuiFormControlLabel-root"
    >
      <div
        class="MuiToggleButtonGroup-root css-1gjgmky-MuiToggleButtonGroup-root"
        name="testName"
        role="group"
      >
        <button
          aria-pressed="false"
          class="MuiButtonBase-root MuiToggleButton-root MuiToggleButton-sizeMedium MuiToggleButton-standard MuiToggleButtonGroup-grouped MuiToggleButtonGroup-groupedHorizontal css-ueukts-MuiButtonBase-root-MuiToggleButton-root"
          tabindex="0"
          type="button"
          value="true"
        >
          Yes
          <span
            class="MuiTouchRipple-root css-8je8zh-MuiTouchRipple-root"
          />
        </button>
        <button
          aria-pressed="true"
          class="MuiButtonBase-root MuiToggleButton-root Mui-selected MuiToggleButton-sizeMedium MuiToggleButton-standard MuiToggleButtonGroup-grouped MuiToggleButtonGroup-groupedHorizontal css-ueukts-MuiButtonBase-root-MuiToggleButton-root"
          tabindex="0"
          type="button"
          value="false"
        >
          No
          <span
            class="MuiTouchRipple-root css-8je8zh-MuiTouchRipple-root"
          />
        </button>
      </div>
      <span
        class="MuiTypography-root MuiTypography-body1 MuiFormControlLabel-label css-onfvms-MuiTypography-root"
      >
        testLabel
      </span>
    </label>
  </div>
</form>
`;
